// Jest Snapshot v1, https://goo.gl/fbAQLP

exports[`return camelCased values 1`] = `
Object {
  "darkMuted": "#2a324b",
  "darkVibrant": "#0e7a4b",
  "lightMuted": "#9cceb7",
  "lightVibrant": "#a4d4bc",
  "muted": "#64aa8a",
  "vibrant": "#b4d43c",
}
`;
